MSG:1005,0,1,"MakeMKV v1.18.4 linux(x64-release) started","%1 started","MakeMKV v1.18.4 linux(x64-release)"
PRGT:5018,0,"Scanning CD-ROM devices"
PRGC:5018,0,"Scanning CD-ROM devices"
PRGV:0,0,65536
PRGV:0,0,65536
PRGV:32768,0,65536
PRGV:32768,32768,65536
PRGV:65536,32768,65536
PRGV:65536,65536,65536
DRV:0,0,999,0,"BD-RE ASUS BW-16D1HT 3.10 KL1OBDB4635","","/dev/sr0"
DRV:1,0,999,0,"DVD+R-DL PLDS DVD-RW DH16AFSH DL31 8SSDX0F17036L1CB5800MGJ","","/dev/sr1"
DRV:2,0,999,0,"BD-RE ASUS SBW-06D5H-U E101 AFDL222859WL","","/dev/sr2"
DRV:3,256,999,0,"","",""
DRV:4,256,999,0,"","",""
DRV:5,256,999,0,"","",""
DRV:6,256,999,0,"","",""
DRV:7,256,999,0,"","",""
DRV:8,256,999,0,"","",""
DRV:9,256,999,0,"","",""
DRV:10,256,999,0,"","",""
DRV:11,256,999,0,"","",""
DRV:12,256,999,0,"","",""
DRV:13,256,999,0,"","",""
DRV:14,256,999,0,"","",""
DRV:15,256,999,0,"","",""
PRGV:0,65536,65536
PRGV:0,0,65536
MSG:1011,0,1,"Using LibreDrive mode (v06.3 id=0FA242DD4D0B)","%1","Using LibreDrive mode (v06.3 id=0FA242DD4D0B)"
MSG:5072,131072,1,"Backing up disc into folder \"file:///media/backup/dump/_dev/DVDVolume_c08bef3b20202020.iso\"","Backing up disc into folder \"%1\"","file:///media/backup/dump/_dev/DVDVolume_c08bef3b20202020.iso"
MSG:5068,516,1,"Folder /media/backup/dump/_dev/DVDVolume_c08bef3b20202020.iso already contains a backup, please choose another folder","Folder %1 already contains a backup, please choose another folder","/media/backup/dump/_dev/DVDVolume_c08bef3b20202020.iso"
MSG:5069,128,0,"Backup failed","Backup failed"
MSG:5080,516,0,"Backup failed.","Backup failed."
